export const snapshot = {};

snapshot[`bundle: prefix > js import 1`] = `
'// lib/bundle_import/foo.js
var foo_default = () => console.log("bundle_import/foo.js");

// lib/foo3.js
console.log("/lib/foo3.js");

// lib/foo4.js
var foo4_default = () => console.log("/lib/foo4.js");

// lib/foo2.js
console.log("/lib/foo2.js");

// packages/mypackage/index.js
console.log("node_modules/mypackage");

// lib/bundle_import/bar.js
console.log("bundle_import/bar.js");

// lib/component.jsx
import { jsx } from "/node_modules/.pnpm/react@18.2.0/node_modules/react/jsx-runtime.js";
var Component = () => {
  return /* @__PURE__ */ jsx("div", { children: "Hello" });
};
var component_default = Component;

// url:https://esm.sh/v99/email-regex@5.0.0/es2022/email-regex.js
var e = "[^\\\\\\\\.\\\\\\\\s@:](?:[^\\\\\\\\s@:]*[^\\\\\\\\s@:\\\\\\\\.])?@[^\\\\\\\\.\\\\\\\\s@]+(?:\\\\\\\\.[^\\\\\\\\.\\\\\\\\s@]+)*";
function s({ exact: n2 } = {}) {
  return n2 ? new RegExp(\`^\${e}\$\`) : new RegExp(e, "g");
}

// url:https://esm.sh/v99/ip-regex@5.0.0/es2022/ip-regex.js
var g = "[a-fA-F\\\\\\\\d:]";
var d = (e2) => e2 && e2.includeBoundaries ? \`(?:(?<=\\\\\\\\s|^)(?=\${g})|(?<=\${g})(?=\\\\\\\\s|\$))\` : "";
var c = "(?:25[0-5]|2[0-4]\\\\\\\\d|1\\\\\\\\d\\\\\\\\d|[1-9]\\\\\\\\d|\\\\\\\\d)(?:\\\\\\\\.(?:25[0-5]|2[0-4]\\\\\\\\d|1\\\\\\\\d\\\\\\\\d|[1-9]\\\\\\\\d|\\\\\\\\d)){3}";
var \$ = "[a-fA-F\\\\\\\\d]{1,4}";
var x = \`
(?:
(?:\${\$}:){7}(?:\${\$}|:)|                                    // 1:2:3:4:5:6:7::  1:2:3:4:5:6:7:8
(?:\${\$}:){6}(?:\${c}|:\${\$}|:)|                             // 1:2:3:4:5:6::    1:2:3:4:5:6::8   1:2:3:4:5:6::8  1:2:3:4:5:6::1.2.3.4
(?:\${\$}:){5}(?::\${c}|(?::\${\$}){1,2}|:)|                   // 1:2:3:4:5::      1:2:3:4:5::7:8   1:2:3:4:5::8    1:2:3:4:5::7:1.2.3.4
(?:\${\$}:){4}(?:(?::\${\$}){0,1}:\${c}|(?::\${\$}){1,3}|:)| // 1:2:3:4::        1:2:3:4::6:7:8   1:2:3:4::8      1:2:3:4::6:7:1.2.3.4
(?:\${\$}:){3}(?:(?::\${\$}){0,2}:\${c}|(?::\${\$}){1,4}|:)| // 1:2:3::          1:2:3::5:6:7:8   1:2:3::8        1:2:3::5:6:7:1.2.3.4
(?:\${\$}:){2}(?:(?::\${\$}){0,3}:\${c}|(?::\${\$}){1,5}|:)| // 1:2::            1:2::4:5:6:7:8   1:2::8          1:2::4:5:6:7:1.2.3.4
(?:\${\$}:){1}(?:(?::\${\$}){0,4}:\${c}|(?::\${\$}){1,6}|:)| // 1::              1::3:4:5:6:7:8   1::8            1::3:4:5:6:7:1.2.3.4
(?::(?:(?::\${\$}){0,5}:\${c}|(?::\${\$}){1,7}|:))             // ::2:3:4:5:6:7:8  ::2:3:4:5:6:7:8  ::8             ::1.2.3.4
)(?:%[0-9a-zA-Z]{1,})?                                             // %eth0            %1
\`.replace(/\\\\s*\\\\/\\\\/.*\$/gm, "").replace(/\\
/g, "").trim();
var n = new RegExp(\`(?:^\${c}\$)|(?:^\${x}\$)\`);
var t = new RegExp(\`^\${c}\$\`);
var v = new RegExp(\`^\${x}\$\`);
var a = (e2) => e2 && e2.exact ? n : new RegExp(\`(?:\${d(e2)}\${c}\${d(e2)})|(?:\${d(e2)}\${x}\${d(e2)})\`, "g");
a.v4 = (e2) => e2 && e2.exact ? t : new RegExp(\`\${d(e2)}\${c}\${d(e2)}\`, "g");
a.v6 = (e2) => e2 && e2.exact ? v : new RegExp(\`\${d(e2)}\${x}\${d(e2)}\`, "g");
var r = a;

// lib/bundle_import/index.js
foo_default();
foo4_default();
component_default();
s();
r();
//# sourceMappingURL=index.js.map
'
`;

snapshot[`bundle: prefix > css import 1`] = `
"/* lib/foo.css */
body {
  color: red;
}
body h1 {
  color: #00f;
}

/* packages/mypackage/styles.css */
.mypackage {
  color: red;
}

/* lib/styles.module.css */
.myClass0011c694 {
  color: pink;
}

/* url:https://esm.sh/@radix-ui/colors@0.1.8/blue.css */
:root {
  --blue1: hsl(206, 100%, 99.2%);
  --blue2: hsl(210, 100%, 98.0%);
  --blue3: hsl(209, 100%, 96.5%);
  --blue4: hsl(210, 98.8%, 94.0%);
  --blue5: hsl(209, 95.0%, 90.1%);
  --blue6: hsl(209, 81.2%, 84.5%);
  --blue7: hsl(208, 77.5%, 76.9%);
  --blue8: hsl(206, 81.9%, 65.3%);
  --blue9: hsl(206, 100%, 50.0%);
  --blue10: hsl(208, 100%, 47.3%);
  --blue11: hsl(211, 100%, 43.2%);
  --blue12: hsl(211, 100%, 15.0%);
}

/* url:https://esm.sh/@radix-ui/colors@0.1.8/gray.css */
:root {
  --gray1: hsl(0, 0%, 99.0%);
  --gray2: hsl(0, 0%, 97.3%);
  --gray3: hsl(0, 0%, 95.1%);
  --gray4: hsl(0, 0%, 93.0%);
  --gray5: hsl(0, 0%, 90.9%);
  --gray6: hsl(0, 0%, 88.7%);
  --gray7: hsl(0, 0%, 85.8%);
  --gray8: hsl(0, 0%, 78.0%);
  --gray9: hsl(0, 0%, 56.1%);
  --gray10: hsl(0, 0%, 52.3%);
  --gray11: hsl(0, 0%, 43.5%);
  --gray12: hsl(0, 0%, 9.0%);
}

/* lib/bundle_import/styles.css */
header {
  color: pink;
}
/*# sourceMappingURL=styles.css.map */
"
`;
