export const snapshot = {};

snapshot[`cli > import map 1`] = `
'// lib/import_map.js
import axios from "https://cdnjs.cloudflare.com/ajax/libs/axios/0.24.0/axios.min.js";
import foo from "/lib/foo.js";
axios();
foo();
import("https://esm.sh/react@18.1.0");
'
`;

snapshot[`cli > Import css module from JS 1`] = `
'// importStylesheet:/lib/styles.module.css
import { importCssModule } from "/proscenium-runtime/import_css.js";
var styles_module_default = await importCssModule("/lib/styles.module.css");

// lib/import_css_module.js
console.log(styles_module_default);
'
`;

snapshot[`cli > Import css from JS 1`] = `
'// importStylesheet:/app/views/layouts/application.css
import { appendStylesheet } from "/proscenium-runtime/import_css.js";
appendStylesheet("/app/views/layouts/application.css");
'
`;

snapshot[`cli > Import css from jsx 1`] = `
'// importStylesheet:/app/views/layouts/application.css
import { appendStylesheet } from "/proscenium-runtime/import_css.js";
appendStylesheet("/app/views/layouts/application.css");
'
`;
