export const snapshot = {};

snapshot[`cli > js sourcemap 1`] = `
\`{
  "version": 3,
  "sources": ["../../lib/foo.js"],
  "sourcesContent": ["console.log('/lib/foo.js')\\
"],
  "mappings": ";AAAA,QAAQ,IAAI,aAAa;",
  "names": []
}
\`
`;

snapshot[`cli > css 1`] = `
"body {
  color: pink;
}

.name {
  color: #000;
}
"
`;

snapshot[`cli > css map 1`] = `
'{"version":3,"mappings":"AAAA;;;;AAIA","sources":["app/views/layouts/application.css"],"sourcesContent":["body {\\
  color: pink;\\
}\\
\\
.name {\\
  color: black;\\
}\\
"],"names":[]}'
`;
